---
source: tests/integration_test.rs
assertion_line: 10
expression: stdout
---
Manage .gitignore files with .gitignore.in

Usage: gitignore-in [OPTIONS] [COMMAND]

Commands:
  search   Search templates available from gibo and gitignore.io
  add      Add templates to .gitignore.in and rebuild .gitignore
  remove   Remove templates from .gitignore.in and rebuild .gitignore
  restore  Restore .gitignore.in from a generated .gitignore and rebuild .gitignore
  infer    Infer .gitignore.in from an existing .gitignore and rebuild .gitignore
  help     Print this message or the help of the given subcommand(s)

Options:
      --quiet    Suppress progress messages
  -h, --help     Print help
  -V, --version  Print version

Without a subcommand, gitignore.in bootstraps .gitignore.in when needed and rebuilds .gitignore.
search writes provider<TAB>template rows to stdout. Other commands keep stdout empty on success and use stderr for errors and optional terminal-only progress.

Official site: https://gitignore.in/
Repository: https://github.com/gitignore-in/gitignore-in
